* using log directory ‘/Users/aqsa/Desktop/AI & Web-Based Bioinfo/non-b-gfa-AAzhar48/..Rcheck’
* using R version 4.5.2 (2025-10-31)
* using platform: x86_64-apple-darwin20
* R was compiled by
    Apple clang version 14.0.0 (clang-1400.0.29.202)
    GNU Fortran (GCC) 14.2.0
* running under: macOS Monterey 12.7.6
* using session charset: UTF-8
* using option ‘--no-manual’
* checking for file ‘./DESCRIPTION’ ... OK
* this is package ‘nonBgfa’ version ‘0.1.0’
* package encoding: UTF-8
* checking package namespace information ... OK
* checking package dependencies ... OK
* checking if this is a source package ... WARNING
Subdirectory ‘nonBgfa/src’ contains apparent object files/libraries
  /Users/aqsa/Desktop/AI & Web-Based
  Bioinfo/non-b-gfa-AAzhar48/src/nonBgfa.so
Object files/libraries should not be included in a source package.
* checking if there is a namespace ... OK
* checking for executable files ... OK
* checking for hidden files and directories ... NOTE
Found the following hidden files and directories:
  .gitignore
  ..Rcheck
  .git
These were most likely included in error. See section ‘Package
structure’ in the ‘Writing R Extensions’ manual.
* checking for portable file names ... OK
* checking for sufficient/correct file permissions ... OK
* checking whether package ‘nonBgfa’ can be installed ... OK
* used C compiler: ‘Apple clang version 14.0.0 (clang-1400.0.29.202)’
* used SDK: ‘MacOSX13.1.sdk’
* checking installed package size ... OK
* checking package directory ... OK
* checking DESCRIPTION meta-information ... NOTE
License components which are templates and need '+ file LICENSE':
  MIT
Checking should be performed on sources prepared by ‘R CMD build’.
* checking top-level files ... NOTE
File
  LICENSE
is not mentioned in the DESCRIPTION file.
* checking for left-over files ... OK
* checking index information ... OK
* checking package subdirectories ... WARNING
Found the following directory with the name of a check directory:
  ./..Rcheck
Most likely, these were included erroneously.
* checking code files for non-ASCII characters ... OK
* checking R files for syntax errors ... OK
* checking whether the package can be loaded ... OK
* checking whether the package can be loaded with stated dependencies ... OK
* checking whether the package can be unloaded cleanly ... OK
* checking whether the namespace can be loaded with stated dependencies ... OK
* checking whether the namespace can be unloaded cleanly ... OK
* checking loading without being on the library search path ... OK
* checking dependencies in R code ... OK
* checking S3 generic/method consistency ... OK
* checking replacement functions ... OK
* checking foreign function calls ... OK
* checking R code for possible problems ... OK
* checking Rd files ... OK
* checking Rd metadata ... OK
* checking Rd cross-references ... OK
* checking for missing documentation entries ... OK
* checking for code/documentation mismatches ... WARNING
Data with usage in Rd file 'gfa_test.Rd' but not in code:
  ‘gfa_test’

* checking Rd \usage sections ... OK
* checking Rd contents ... OK
* checking for unstated dependencies in examples ... OK
* checking line endings in C/C++/Fortran sources/headers ... OK
* checking line endings in Makefiles ... OK
* checking compilation flags in Makevars ... OK
* checking for GNU extensions in Makefiles ... OK
* checking for portable use of $(BLAS_LIBS) and $(LAPACK_LIBS) ... OK
* checking use of PKG_*FLAGS in Makefiles ... OK
* checking include directives in Makefiles ... OK
* checking compiled code ... WARNING
File ‘nonBgfa/libs/nonBgfa.so’:
  Found ‘___sprintf_chk’, possibly from ‘sprintf’ (C)
    Object: ‘gfa.o’
  Found ‘___stderrp’, possibly from ‘stderr’ (C)
    Objects: ‘gfa.o’, ‘cdna.o’, ‘rcdna.o’, ‘read_fasta.o’,
      ‘read_mult_fasta.o’, ‘findAPR.o’, ‘findSTR.o’,
      ‘print_gff_file.o’, ‘print_tsv_file.o’, ‘print_usage.o’,
      ‘is_subset.o’
  Found ‘_exit’, possibly from ‘exit’ (C)
    Objects: ‘gfa.o’, ‘read_fasta.o’, ‘read_mult_fasta.o’,
      ‘is_subset.o’
  Found ‘_printf’, possibly from ‘printf’ (C)
    Objects: ‘print_gff_file.o’, ‘print_tsv_file.o’

Compiled code should not call entry points which might terminate R nor
write to stdout/stderr instead of to the console, nor use Fortran I/O
nor system RNGs nor [v]sprintf.

See ‘Writing portable packages’ in the ‘Writing R Extensions’ manual.
* checking files in ‘vignettes’ ... WARNING
Files in the 'vignettes' directory but no files in 'inst/doc':
  ‘getting-started.Rmd’
* checking examples ... OK
* checking for unstated dependencies in vignettes ... OK
* checking package vignettes ... WARNING
Directory 'inst/doc' does not exist.
Package vignette without corresponding single PDF/HTML:
  ‘getting-started.Rmd’
* checking re-building of vignette outputs ... OK
* DONE
Status: 6 WARNINGs, 3 NOTEs
